%!Adobe-FontList 1.18
%Locale:0x409

%BeginFont
Handler:DirectoryHandler
FontType:Type1
FontName:AGaramondPro-Bold
FamilyName:Adobe Garamond Pro
StyleName:Bold
MenuName:Adobe Garamond Pro Bold
StyleBits:0
WeightClass:700
WidthClass:5
AngleClass:0
FullName:Adobe Garamond Pro Bold
WritingScript:Roman
OutlineFileName:\AGaramondPro-Bold.otf
DataFormat:sfntData
UsesStandardEncoding:yes
isCFF:yes
hasSVG:no
FileLength:77064
FileModTime:1414596674
DesignSize:120
NameArray:0,Mac,4,Adobe Garamond Pro Bold
NameArray:0,Win,1,Adobe Garamond Pro Bold
NameArray:0,Win,16,Adobe Garamond Pro
%EndFont

%BeginFont
Handler:DirectoryHandler
FontType:Type1
FontName:AGaramondPro-BoldItalic
FamilyName:Adobe Garamond Pro
StyleName:Bold Italic
MenuName:Adobe Garamond Pro Bold
StyleBits:1
WeightClass:700
WidthClass:5
AngleClass:1
FullName:Adobe Garamond Pro Bold Italic
WritingScript:Roman
OutlineFileName:\AGaramondPro-BoldItalic.otf
DataFormat:sfntData
UsesStandardEncoding:yes
isCFF:yes
hasSVG:no
FileLength:78424
FileModTime:1414596674
DesignSize:120
NameArray:0,Mac,4,Adobe Garamond Pro Bold Italic
NameArray:0,Win,1,Adobe Garamond Pro Bold
NameArray:0,Win,16,Adobe Garamond Pro
%EndFont

%BeginFont
Handler:DirectoryHandler
FontType:TrueType
FontName:Helvetica
FamilyName:Helvetica
StyleName:Regular
MenuName:Helvetica
StyleBits:0
WeightClass:400
WidthClass:5
AngleClass:0
FullName:Helvetica
WritingScript:Roman
OutlineFileName:\Helvetica.dfont
DataFormat:sfntResource
ResourceID:25595
hasSVG:no
FileLength:2551248
FileModTime:1410277984
NameArray:0,Mac,18,Helvetica
NameArray:0,Mac,4,Helvetica
%EndFont

%BeginFont
Handler:DirectoryHandler
FontType:TrueType
FontName:Helvetica-Bold
FamilyName:Helvetica
StyleName:Bold
MenuName:Helvetica
StyleBits:2
WeightClass:700
WidthClass:5
AngleClass:0
FullName:Helvetica Bold
WritingScript:Roman
OutlineFileName:\Helvetica.dfont
DataFormat:sfntResource
ResourceID:28517
hasSVG:no
FileLength:2551248
FileModTime:1410277984
NameArray:0,Mac,4,Helvetica Bold
NameArray:0,Mac,4,Helvetica lihava
NameArray:0,Mac,4,Helvetica Gras
NameArray:0,Mac,4,Helvetica Fett
NameArray:0,Mac,4,Helvetica grassetto
NameArray:0,Mac,4,Helvetica vet
NameArray:0,Mac,4,Helvetica Fet
NameArray:0,Mac,4,Helvetica Negrita
NameArray:0,Mac,4,Helvetica Carregado
NameArray:0,Mac,4,Helvetica Halvfet
NameArray:0,Mac,18,Helvetica Bold
NameArray:4,Mac,4,Helvetica‭ ‬أسود
NameArray:4,Mac,4,Helvetica‭ ‬برجسته
NameArray:5,Mac,4,Helvetica‭ ‬עבה
%EndFont

%BeginFont
Handler:DirectoryHandler
FontType:TrueType
FontName:Helvetica-Oblique
FamilyName:Helvetica
StyleName:Oblique
MenuName:Helvetica
StyleBits:1
WeightClass:400
WidthClass:5
AngleClass:1
FullName:Helvetica Oblique
WritingScript:Roman
OutlineFileName:\Helvetica.dfont
DataFormat:sfntResource
ResourceID:22365
hasSVG:no
FileLength:2551248
FileModTime:1410277984
NameArray:0,Mac,18,Helvetica Oblique
NameArray:0,Mac,4,Helvetica Oblique
%EndFont

%BeginFont
Handler:DirectoryHandler
FontType:TrueType
FontName:Helvetica-BoldOblique
FamilyName:Helvetica
StyleName:Bold Oblique
MenuName:Helvetica
StyleBits:3
WeightClass:700
WidthClass:5
AngleClass:1
FullName:Helvetica Bold Oblique
WritingScript:Roman
OutlineFileName:\Helvetica.dfont
DataFormat:sfntResource
ResourceID:6413
hasSVG:no
FileLength:2551248
FileModTime:1410277984
NameArray:0,Mac,18,Helvetica Bold Oblique
NameArray:0,Mac,4,Helvetica Bold Oblique
%EndFont

%BeginFont
Handler:DirectoryHandler
FontType:TrueType
FontName:Helvetica-Light
FamilyName:Helvetica
StyleName:Light
MenuName:Helvetica
StyleBits:0
WeightClass:300
WidthClass:5
AngleClass:0
FullName:Helvetica Light
WritingScript:Roman
OutlineFileName:\Helvetica.dfont
DataFormat:sfntResource
ResourceID:22375
hasSVG:no
FileLength:2551248
FileModTime:1410277984
NameArray:0,Mac,18,Helvetica Light
NameArray:0,Mac,4,Helvetica Light
%EndFont

%BeginFont
Handler:DirectoryHandler
FontType:TrueType
FontName:Helvetica-LightOblique
FamilyName:Helvetica
StyleName:Light Oblique
MenuName:Helvetica
StyleBits:1
WeightClass:300
WidthClass:5
AngleClass:1
FullName:Helvetica Light Oblique
WritingScript:Roman
OutlineFileName:\Helvetica.dfont
DataFormat:sfntResource
ResourceID:6513
hasSVG:no
FileLength:2551248
FileModTime:1410277984
NameArray:0,Mac,18,Helvetica Light Oblique
NameArray:0,Mac,4,Helvetica Light Oblique
%EndFont

%BeginFont
Handler:DirectoryHandler
FontType:Suitcase
FontName:Helvetica
OutlineFileName:\Helvetica.dfont
ResourceID:21
MacStyle:0
FileLength:2551248
FileModTime:1410277984
%EndFont

%BeginFont
Handler:DirectoryHandler
FontType:Suitcase
FontName:Helvetica-Bold
OutlineFileName:\Helvetica.dfont
ResourceID:21
MacStyle:1
FileLength:2551248
FileModTime:1410277984
%EndFont

%BeginFont
Handler:DirectoryHandler
FontType:Suitcase
FontName:Helvetica-Oblique
OutlineFileName:\Helvetica.dfont
ResourceID:21
MacStyle:2
FileLength:2551248
FileModTime:1410277984
%EndFont

%BeginFont
Handler:DirectoryHandler
FontType:Suitcase
FontName:Helvetica-BoldOblique
OutlineFileName:\Helvetica.dfont
ResourceID:21
MacStyle:3
FileLength:2551248
FileModTime:1410277984
%EndFont

%BeginFont
Handler:DirectoryHandler
FontType:Suitcase
FontName:Helvetica-Light
OutlineFileName:\Helvetica.dfont
ResourceID:211
MacStyle:0
FileLength:2551248
FileModTime:1410277984
%EndFont

%BeginFont
Handler:DirectoryHandler
FontType:Suitcase
FontName:Helvetica-LightOblique
OutlineFileName:\Helvetica.dfont
ResourceID:211
MacStyle:2
FileLength:2551248
FileModTime:1410277984
%EndFont

%BeginFont
Handler:DirectoryHandler
FontType:Type1
FontName:HelveticaNeueLTStd-Bd
FamilyName:Helvetica Neue LT Std
StyleName:75 Bold
MenuName:HelveticaNeueLT Std
StyleBits:2
WeightClass:700
WidthClass:5
AngleClass:0
FullName:Helvetica Neue LT Std 75 Bold
WritingScript:Roman
OutlineFileName:\HelveticaNeueLTStd-Bd.otf
DataFormat:sfntData
UsesStandardEncoding:yes
isCFF:yes
hasSVG:no
FileLength:29448
FileModTime:1521557989
NameArray:0,Mac,18,HelveticaNeueLT Std Bold
NameArray:0,Mac,4,Helvetica Neue LT Std 75 Bold
NameArray:0,Win,1,HelveticaNeueLT Std
NameArray:0,Win,16,Helvetica Neue LT Std
%EndFont

%BeginFont
Handler:DirectoryHandler
FontType:Type1
FontName:HelveticaNeueLTStd-BdCn
FamilyName:Helvetica Neue LT Std
StyleName:77 Bold Condensed
MenuName:HelveticaNeueLT Std Cn
StyleBits:2
WeightClass:700
WidthClass:3
AngleClass:0
FullName:Helvetica Neue LT Std 77 Bold Condensed
WritingScript:Roman
OutlineFileName:\HelveticaNeueLTStd-BdCn.otf
DataFormat:sfntData
UsesStandardEncoding:yes
isCFF:yes
hasSVG:no
FileLength:29268
FileModTime:1390501876
NameArray:0,Mac,18,HelveticaNeueLT Std Bold Cn
NameArray:0,Mac,4,Helvetica Neue LT Std 77 Bold Condensed
NameArray:0,Win,1,HelveticaNeueLT Std Cn
NameArray:0,Win,16,Helvetica Neue LT Std
%EndFont

%BeginFont
Handler:DirectoryHandler
FontType:Type1
FontName:HelveticaNeueLTStd-Cn
FamilyName:Helvetica Neue LT Std
StyleName:57 Condensed
MenuName:HelveticaNeueLT Std Cn
StyleBits:0
WeightClass:400
WidthClass:3
AngleClass:0
FullName:Helvetica Neue LT Std 57 Condensed
WritingScript:Roman
OutlineFileName:\HelveticaNeueLTStd-Cn.otf
DataFormat:sfntData
UsesStandardEncoding:yes
isCFF:yes
hasSVG:no
FileLength:30500
FileModTime:1377112926
DesignSize:120
NameArray:0,Mac,18,HelveticaNeueLT Std Cn
NameArray:0,Mac,4,Helvetica Neue LT Std 57 Condensed
NameArray:0,Win,1,HelveticaNeueLT Std Cn
NameArray:0,Win,16,Helvetica Neue LT Std
%EndFont

%BeginFont
Handler:DirectoryHandler
FontType:Type1
FontName:HelveticaNeueLTStd-ThCn
FamilyName:Helvetica Neue LT Std
StyleName:37 Thin Condensed
MenuName:HelveticaNeueLT Std Thin Cn
StyleBits:0
WeightClass:250
WidthClass:3
AngleClass:0
FullName:Helvetica Neue LT Std 37 Thin Condensed
WritingScript:Roman
OutlineFileName:\HelveticaNeueLTStd-ThCn_0.otf
DataFormat:sfntData
UsesStandardEncoding:yes
isCFF:yes
hasSVG:no
FileLength:30164
FileModTime:1395741092
DesignSize:120
NameArray:0,Mac,18,HelveticaNeueLT Std Thin Cn
NameArray:0,Mac,4,Helvetica Neue LT Std 37 Thin Condensed
NameArray:0,Win,1,HelveticaNeueLT Std Thin Cn
NameArray:0,Win,16,Helvetica Neue LT Std
%EndFont

%BeginFont
Handler:DirectoryHandler
FontType:Type1
FontName:LithosPro-Black
FamilyName:Lithos Pro
StyleName:Black
MenuName:Lithos Pro Regular
StyleBits:2
WeightClass:850
WidthClass:5
AngleClass:0
FullName:Lithos Pro Black
WritingScript:Roman
OutlineFileName:\LithosPro-Black.otf
DataFormat:sfntData
UsesStandardEncoding:yes
isCFF:yes
hasSVG:no
FileLength:79328
FileModTime:1414596675
DesignSize:240
NameArray:0,Mac,4,Lithos Pro Black
NameArray:0,Win,1,Lithos Pro Regular
NameArray:0,Win,16,Lithos Pro
%EndFont

